--
-- ADD_COORDINATOR
--
SELECT master_add_node('localhost', :master_port, groupid => 0) AS master_nodeid \gset
-- adding the same node again should return the existing nodeid
SELECT master_add_node('localhost', :master_port, groupid => 0) = :master_nodeid;
 ?column? 
----------
 t
(1 row)

-- adding another node with groupid=0 should error out
SELECT master_add_node('localhost', 12345, groupid => 0) = :master_nodeid;
ERROR:  group 0 already has a primary node
-- start_metadata_sync_to_node() for coordinator should fail
SELECT start_metadata_sync_to_node('localhost', :master_port);
ERROR:  you cannot sync metadata to the coordinator
HINT:  Coordinator already should have the metadata
