-- ===================================================================
-- test recursive planning functionality with Set Operations and CTEs
-- ===================================================================
SET client_min_messages TO DEBUG1;
-- use ctes inside unions on the top level
WITH 
cte_1 AS (SELECT user_id FROM users_table),
cte_2 AS (SELECT user_id FROM events_table)
(SELECT * FROM cte_1) UNION (SELECT * FROM cte_2)
ORDER BY 1 DESC;
DEBUG:  generating subplan 1_1 for subquery SELECT user_id FROM (SELECT users_table.user_id FROM public.users_table) cte_1
DEBUG:  generating subplan 1_2 for subquery SELECT user_id FROM (SELECT events_table.user_id FROM public.events_table) cte_2
DEBUG:  Plan 1 query after replacing subqueries and CTEs: SELECT intermediate_result.user_id FROM read_intermediate_result('1_1'::text, 'binary'::citus_copy_format) intermediate_result(user_id integer) UNION SELECT intermediate_result.user_id FROM read_intermediate_result('1_2'::text, 'binary'::citus_copy_format) intermediate_result(user_id integer) ORDER BY 1 DESC
 user_id 
---------
       6
       5
       4
       3
       2
       1
(6 rows)

-- use ctes inside unions in a subquery
WITH 
cte_1 AS (SELECT user_id FROM users_table),
cte_2 AS (SELECT user_id FROM events_table)
SELECT 
	count(*) 
FROM (
		(SELECT * FROM cte_1) UNION (SELECT * FROM cte_2)
	) as foo;
 count 
-------
     6
(1 row)

-- cte with unions of other ctes
WITH 
cte_1 AS (SELECT user_id FROM users_table),
cte_2 AS (SELECT user_id FROM events_table),
cte_3 AS ((SELECT * FROM cte_1) UNION (SELECT * FROM cte_2))
SELECT * FROM cte_3 ORDER BY 1 DESC;
 user_id 
---------
       6
       5
       4
       3
       2
       1
(6 rows)

-- cte with unions of distributed table
WITH 
cte_1 AS ((SELECT user_id FROM users_table) UNION (SELECT user_id FROM users_table))
SELECT * FROM cte_1 ORDER BY 1 DESC;
 user_id 
---------
       6
       5
       4
       3
       2
       1
(6 rows)

-- cte with unions of tables is intersected with another query
WITH 
cte_1 AS ((SELECT user_id FROM users_table) UNION (SELECT user_id FROM users_table))
(SELECT * FROM cte_1) INTERSECT (SELECT user_id FROM users_table) ORDER BY 1 DESC;
DEBUG:  generating subplan 7_1 for subquery SELECT user_id FROM (SELECT users_table.user_id FROM public.users_table UNION SELECT users_table.user_id FROM public.users_table) cte_1
DEBUG:  generating subplan 7_2 for subquery SELECT user_id FROM public.users_table
DEBUG:  Plan 7 query after replacing subqueries and CTEs: SELECT intermediate_result.user_id FROM read_intermediate_result('7_1'::text, 'binary'::citus_copy_format) intermediate_result(user_id integer) INTERSECT SELECT intermediate_result.user_id FROM read_intermediate_result('7_2'::text, 'binary'::citus_copy_format) intermediate_result(user_id integer) ORDER BY 1 DESC
 user_id 
---------
       6
       5
       4
       3
       2
       1
(6 rows)

-- cte with unions of tables is intersected with another query that involves except
WITH 
cte_1 AS ((SELECT user_id FROM users_table) UNION (SELECT user_id FROM users_table))
(SELECT * FROM cte_1) 
	INTERSECT 
((SELECT user_id FROM events_table WHERE user_id < 3) EXCEPT (SELECT user_id FROM users_table WHERE user_id > 4)) ORDER BY 1 DESC;
DEBUG:  generating subplan 10_1 for subquery SELECT user_id FROM (SELECT users_table.user_id FROM public.users_table UNION SELECT users_table.user_id FROM public.users_table) cte_1
DEBUG:  generating subplan 10_2 for subquery SELECT user_id FROM public.events_table WHERE (user_id OPERATOR(pg_catalog.<) 3)
DEBUG:  generating subplan 10_3 for subquery SELECT user_id FROM public.users_table WHERE (user_id OPERATOR(pg_catalog.>) 4)
DEBUG:  Plan 10 query after replacing subqueries and CTEs: SELECT intermediate_result.user_id FROM read_intermediate_result('10_1'::text, 'binary'::citus_copy_format) intermediate_result(user_id integer) INTERSECT (SELECT intermediate_result.user_id FROM read_intermediate_result('10_2'::text, 'binary'::citus_copy_format) intermediate_result(user_id integer) EXCEPT SELECT intermediate_result.user_id FROM read_intermediate_result('10_3'::text, 'binary'::citus_copy_format) intermediate_result(user_id integer)) ORDER BY 1 DESC
 user_id 
---------
       2
       1
(2 rows)

-- CTE inside a top level EXCEPT
(WITH cte_1 AS (SELECT user_id FROM events_table WHERE user_id < 3) SELECT * FROM cte_1) INTERSECT (SELECT user_id FROM users_table) ORDER BY 1;   
DEBUG:  generating subplan 14_1 for CTE cte_1: SELECT user_id FROM public.events_table WHERE (user_id OPERATOR(pg_catalog.<) 3)
DEBUG:  generating subplan 14_2 for subquery SELECT user_id FROM public.users_table
DEBUG:  Plan 14 query after replacing subqueries and CTEs: SELECT cte_1.user_id FROM (SELECT intermediate_result.user_id FROM read_intermediate_result('14_1'::text, 'binary'::citus_copy_format) intermediate_result(user_id integer)) cte_1 INTERSECT SELECT intermediate_result.user_id FROM read_intermediate_result('14_2'::text, 'binary'::citus_copy_format) intermediate_result(user_id integer) ORDER BY 1
 user_id 
---------
       1
       2
(2 rows)

-- INTERSECT inside a CTE, which is inside a subquery
SELECT 
	DISTINCT users_table.user_id 
FROM 
	users_table, 
	(WITH cte_1 AS (SELECT user_id FROM events_table WHERE user_id < 3 INTERSECT 
					SELECT user_id FROM events_table WHERE user_id < 2) 
	 SELECT * FROM cte_1) as foo
WHERE
	users_table.user_id = foo.user_id
ORDER BY 1 DESC;
DEBUG:  generating subplan 17_1 for CTE cte_1: SELECT events_table.user_id FROM public.events_table WHERE (events_table.user_id OPERATOR(pg_catalog.<) 3) INTERSECT SELECT events_table.user_id FROM public.events_table WHERE (events_table.user_id OPERATOR(pg_catalog.<) 2)
DEBUG:  generating subplan 18_1 for subquery SELECT user_id FROM public.events_table WHERE (user_id OPERATOR(pg_catalog.<) 3)
DEBUG:  generating subplan 18_2 for subquery SELECT user_id FROM public.events_table WHERE (user_id OPERATOR(pg_catalog.<) 2)
DEBUG:  Plan 18 query after replacing subqueries and CTEs: SELECT intermediate_result.user_id FROM read_intermediate_result('18_1'::text, 'binary'::citus_copy_format) intermediate_result(user_id integer) INTERSECT SELECT intermediate_result.user_id FROM read_intermediate_result('18_2'::text, 'binary'::citus_copy_format) intermediate_result(user_id integer)
DEBUG:  Plan 17 query after replacing subqueries and CTEs: SELECT DISTINCT users_table.user_id FROM public.users_table, (SELECT cte_1.user_id FROM (SELECT intermediate_result.user_id FROM read_intermediate_result('17_1'::text, 'binary'::citus_copy_format) intermediate_result(user_id integer)) cte_1) foo WHERE (users_table.user_id OPERATOR(pg_catalog.=) foo.user_id) ORDER BY users_table.user_id DESC
 user_id 
---------
       1
(1 row)

-- UNION is created via outputs of CTEs, which is inside a subquery
-- and the subquery is joined with a distributed table
SELECT 
	count(*) 
FROM 
	events_table,
	(
		WITH 
		cte_1 AS (SELECT user_id FROM users_table),
		cte_2 AS (SELECT user_id FROM events_table)
		(SELECT * FROM cte_1) UNION (SELECT * FROM cte_2)
	) as foo
WHERE foo.user_id = events_table.event_type;
DEBUG:  generating subplan 21_1 for CTE cte_1: SELECT user_id FROM public.users_table
DEBUG:  generating subplan 21_2 for CTE cte_2: SELECT user_id FROM public.events_table
DEBUG:  generating subplan 21_3 for subquery SELECT cte_1.user_id FROM (SELECT intermediate_result.user_id FROM read_intermediate_result('21_1'::text, 'binary'::citus_copy_format) intermediate_result(user_id integer)) cte_1 UNION SELECT cte_2.user_id FROM (SELECT intermediate_result.user_id FROM read_intermediate_result('21_2'::text, 'binary'::citus_copy_format) intermediate_result(user_id integer)) cte_2
DEBUG:  Plan 21 query after replacing subqueries and CTEs: SELECT count(*) AS count FROM public.events_table, (SELECT intermediate_result.user_id FROM read_intermediate_result('21_3'::text, 'binary'::citus_copy_format) intermediate_result(user_id integer)) foo WHERE (foo.user_id OPERATOR(pg_catalog.=) events_table.event_type)
 count 
-------
    95
(1 row)

-- joins inside unions that are safe to pushdown
(SELECT DISTINCT events_table.user_id FROM users_table, events_table WHERE users_table.user_id = events_table.user_id )
INTERSECT
(SELECT DISTINCT events_table.user_id FROM users_table, events_table WHERE users_table.user_id = events_table.user_id )
ORDER BY 1 DESC;
DEBUG:  generating subplan 25_1 for subquery SELECT DISTINCT events_table.user_id FROM public.users_table, public.events_table WHERE (users_table.user_id OPERATOR(pg_catalog.=) events_table.user_id)
DEBUG:  generating subplan 25_2 for subquery SELECT DISTINCT events_table.user_id FROM public.users_table, public.events_table WHERE (users_table.user_id OPERATOR(pg_catalog.=) events_table.user_id)
DEBUG:  Plan 25 query after replacing subqueries and CTEs: SELECT intermediate_result.user_id FROM read_intermediate_result('25_1'::text, 'binary'::citus_copy_format) intermediate_result(user_id integer) INTERSECT SELECT intermediate_result.user_id FROM read_intermediate_result('25_2'::text, 'binary'::citus_copy_format) intermediate_result(user_id integer) ORDER BY 1 DESC
 user_id 
---------
       6
       5
       4
       3
       2
       1
(6 rows)

-- joins inside unions that are not safe to pushdown
(SELECT DISTINCT events_table.user_id FROM users_table, events_table WHERE users_table.user_id = events_table.user_id LIMIT 10)
INTERSECT
(SELECT DISTINCT events_table.user_id FROM users_table, events_table WHERE users_table.user_id = events_table.user_id LIMIT 10)
ORDER BY 1 DESC;
DEBUG:  push down of limit count: 10
DEBUG:  generating subplan 28_1 for subquery SELECT DISTINCT events_table.user_id FROM public.users_table, public.events_table WHERE (users_table.user_id OPERATOR(pg_catalog.=) events_table.user_id) LIMIT 10
DEBUG:  push down of limit count: 10
DEBUG:  generating subplan 28_2 for subquery SELECT DISTINCT events_table.user_id FROM public.users_table, public.events_table WHERE (users_table.user_id OPERATOR(pg_catalog.=) events_table.user_id) LIMIT 10
DEBUG:  Plan 28 query after replacing subqueries and CTEs: SELECT intermediate_result.user_id FROM read_intermediate_result('28_1'::text, 'binary'::citus_copy_format) intermediate_result(user_id integer) INTERSECT SELECT intermediate_result.user_id FROM read_intermediate_result('28_2'::text, 'binary'::citus_copy_format) intermediate_result(user_id integer) ORDER BY 1 DESC
 user_id 
---------
       6
       5
       4
       3
       2
       1
(6 rows)

-- joins inside unions that are not safe to pushdown inside a subquery
SELECT 
	count(*) 
FROM 
	(SELECT DISTINCT value_2 FROM events_table) as events_table,
	(WITH foo AS 
		((SELECT DISTINCT events_table.user_id FROM users_table, events_table WHERE users_table.user_id = events_table.user_id )
	 	INTERSECT
		(SELECT DISTINCT events_table.user_id FROM users_table, events_table WHERE users_table.user_id = events_table.user_id LIMIT 10)) 
	 SELECT * FROM foo) 
	as foo
WHERE 
	foo.user_id = events_table.value_2;
DEBUG:  generating subplan 31_1 for subquery SELECT DISTINCT value_2 FROM public.events_table
DEBUG:  generating subplan 31_2 for CTE foo: SELECT DISTINCT events_table.user_id FROM public.users_table, public.events_table WHERE (users_table.user_id OPERATOR(pg_catalog.=) events_table.user_id) INTERSECT (SELECT DISTINCT events_table.user_id FROM public.users_table, public.events_table WHERE (users_table.user_id OPERATOR(pg_catalog.=) events_table.user_id) LIMIT 10)
DEBUG:  push down of limit count: 10
DEBUG:  generating subplan 33_1 for subquery SELECT DISTINCT events_table.user_id FROM public.users_table, public.events_table WHERE (users_table.user_id OPERATOR(pg_catalog.=) events_table.user_id) LIMIT 10
DEBUG:  generating subplan 33_2 for subquery SELECT DISTINCT events_table.user_id FROM public.users_table, public.events_table WHERE (users_table.user_id OPERATOR(pg_catalog.=) events_table.user_id)
DEBUG:  Plan 33 query after replacing subqueries and CTEs: SELECT intermediate_result.user_id FROM read_intermediate_result('33_2'::text, 'binary'::citus_copy_format) intermediate_result(user_id integer) INTERSECT SELECT intermediate_result.user_id FROM read_intermediate_result('33_1'::text, 'binary'::citus_copy_format) intermediate_result(user_id integer)
DEBUG:  Plan 31 query after replacing subqueries and CTEs: SELECT count(*) AS count FROM (SELECT intermediate_result.value_2 FROM read_intermediate_result('31_1'::text, 'binary'::citus_copy_format) intermediate_result(value_2 integer)) events_table, (SELECT foo_1.user_id FROM (SELECT intermediate_result.user_id FROM read_intermediate_result('31_2'::text, 'binary'::citus_copy_format) intermediate_result(user_id integer)) foo_1) foo WHERE (foo.user_id OPERATOR(pg_catalog.=) events_table.value_2)
 count 
-------
     5
(1 row)

-- joins inside unions some safe to pushdown
SELECT 
	count(*) 
FROM 
	(WITH events_table AS (SELECT DISTINCT user_id FROM events_table) SELECT * FROM events_table) as events_table,
	((SELECT DISTINCT events_table.user_id FROM users_table, events_table WHERE users_table.user_id = events_table.user_id )
	INTERSECT
	(SELECT DISTINCT events_table.user_id FROM users_table, events_table WHERE users_table.user_id = events_table.user_id LIMIT 10)) as foo
WHERE 
	foo.user_id = events_table.user_id;
DEBUG:  generating subplan 36_1 for CTE events_table: SELECT DISTINCT user_id FROM public.events_table
DEBUG:  push down of limit count: 10
DEBUG:  generating subplan 36_2 for subquery SELECT DISTINCT events_table.user_id FROM public.users_table, public.events_table WHERE (users_table.user_id OPERATOR(pg_catalog.=) events_table.user_id) LIMIT 10
DEBUG:  generating subplan 36_3 for subquery SELECT DISTINCT events_table.user_id FROM public.users_table, public.events_table WHERE (users_table.user_id OPERATOR(pg_catalog.=) events_table.user_id)
DEBUG:  generating subplan 36_4 for subquery SELECT intermediate_result.user_id FROM read_intermediate_result('36_3'::text, 'binary'::citus_copy_format) intermediate_result(user_id integer) INTERSECT SELECT intermediate_result.user_id FROM read_intermediate_result('36_2'::text, 'binary'::citus_copy_format) intermediate_result(user_id integer)
DEBUG:  Plan 36 query after replacing subqueries and CTEs: SELECT count(*) AS count FROM (SELECT events_table_1.user_id FROM (SELECT intermediate_result.user_id FROM read_intermediate_result('36_1'::text, 'binary'::citus_copy_format) intermediate_result(user_id integer)) events_table_1) events_table, (SELECT intermediate_result.user_id FROM read_intermediate_result('36_4'::text, 'binary'::citus_copy_format) intermediate_result(user_id integer)) foo WHERE (foo.user_id OPERATOR(pg_catalog.=) events_table.user_id)
 count 
-------
     6
(1 row)

-- CTE inside unions
(WITH cte_1 AS (SELECT user_id FROM users_table) SELECT * FROM cte_1) UNION 
(WITH cte_1 AS (SELECT user_id FROM users_table) SELECT * FROM cte_1) ORDER BY 1 DESC; 
DEBUG:  generating subplan 41_1 for CTE cte_1: SELECT user_id FROM public.users_table
DEBUG:  generating subplan 41_2 for CTE cte_1: SELECT user_id FROM public.users_table
DEBUG:  Plan 41 query after replacing subqueries and CTEs: SELECT cte_1.user_id FROM (SELECT intermediate_result.user_id FROM read_intermediate_result('41_1'::text, 'binary'::citus_copy_format) intermediate_result(user_id integer)) cte_1 UNION SELECT cte_1.user_id FROM (SELECT intermediate_result.user_id FROM read_intermediate_result('41_2'::text, 'binary'::citus_copy_format) intermediate_result(user_id integer)) cte_1 ORDER BY 1 DESC
 user_id 
---------
       6
       5
       4
       3
       2
       1
(6 rows)

-- more complex CTEs inside unions
SELECT
	count(*)
FROM
	(
		(WITH cte_1 AS (SELECT user_id FROM users_table) SELECT * FROM cte_1) UNION 
		(WITH cte_1 AS (SELECT user_id FROM users_table) SELECT * FROM cte_1)
	) as foo,
	users_table
	WHERE users_table.value_2 = foo.user_id;
DEBUG:  generating subplan 44_1 for CTE cte_1: SELECT user_id FROM public.users_table
DEBUG:  generating subplan 44_2 for CTE cte_1: SELECT user_id FROM public.users_table
DEBUG:  generating subplan 44_3 for subquery SELECT cte_1.user_id FROM (SELECT intermediate_result.user_id FROM read_intermediate_result('44_1'::text, 'binary'::citus_copy_format) intermediate_result(user_id integer)) cte_1 UNION SELECT cte_1.user_id FROM (SELECT intermediate_result.user_id FROM read_intermediate_result('44_2'::text, 'binary'::citus_copy_format) intermediate_result(user_id integer)) cte_1
DEBUG:  Plan 44 query after replacing subqueries and CTEs: SELECT count(*) AS count FROM (SELECT intermediate_result.user_id FROM read_intermediate_result('44_3'::text, 'binary'::citus_copy_format) intermediate_result(user_id integer)) foo, public.users_table WHERE (users_table.value_2 OPERATOR(pg_catalog.=) foo.user_id)
 count 
-------
    92
(1 row)

-- CTEs with less alias than the input subquery
(WITH cte_1(x) AS (SELECT user_id, value_2 FROM users_table) SELECT * FROM cte_1) UNION 
(WITH cte_1(x) AS (SELECT user_id, value_2 FROM users_table) SELECT * FROM cte_1) ORDER BY 1 DESC, 2 DESC LIMIT 5;
DEBUG:  generating subplan 48_1 for CTE cte_1: SELECT user_id, value_2 FROM public.users_table
DEBUG:  generating subplan 48_2 for CTE cte_1: SELECT user_id, value_2 FROM public.users_table
DEBUG:  Plan 48 query after replacing subqueries and CTEs: SELECT cte_1.x, cte_1.value_2 FROM (SELECT intermediate_result.user_id AS x, intermediate_result.value_2 FROM read_intermediate_result('48_1'::text, 'binary'::citus_copy_format) intermediate_result(user_id integer, value_2 integer)) cte_1 UNION SELECT cte_1.x, cte_1.value_2 FROM (SELECT intermediate_result.user_id AS x, intermediate_result.value_2 FROM read_intermediate_result('48_2'::text, 'binary'::citus_copy_format) intermediate_result(user_id integer, value_2 integer)) cte_1 ORDER BY 1 DESC, 2 DESC LIMIT 5
 x | value_2 
---+---------
 6 |        
 6 |       4
 6 |       3
 6 |       2
 6 |       1
(5 rows)

-- simple subqueries in WHERE with unions
SELECT 
	count(*)
FROM
	users_table
WHERE
	value_2 IN
	(
		WITH cte_1 AS
		(
			(SELECT user_id FROM users_table)
			UNION
		 	(SELECT user_id FROM events_table)
		 ) SELECT DISTINCT user_id FROM cte_1
)
ORDER BY 1 DESC;
DEBUG:  generating subplan 51_1 for CTE cte_1: SELECT users_table.user_id FROM public.users_table UNION SELECT events_table.user_id FROM public.events_table
DEBUG:  generating subplan 52_1 for subquery SELECT user_id FROM public.users_table
DEBUG:  generating subplan 52_2 for subquery SELECT user_id FROM public.events_table
DEBUG:  Plan 52 query after replacing subqueries and CTEs: SELECT intermediate_result.user_id FROM read_intermediate_result('52_1'::text, 'binary'::citus_copy_format) intermediate_result(user_id integer) UNION SELECT intermediate_result.user_id FROM read_intermediate_result('52_2'::text, 'binary'::citus_copy_format) intermediate_result(user_id integer)
DEBUG:  Plan 51 query after replacing subqueries and CTEs: SELECT count(*) AS count FROM public.users_table WHERE (value_2 OPERATOR(pg_catalog.=) ANY (SELECT DISTINCT cte_1.user_id FROM (SELECT intermediate_result.user_id FROM read_intermediate_result('51_1'::text, 'binary'::citus_copy_format) intermediate_result(user_id integer)) cte_1)) ORDER BY (count(*)) DESC
 count 
-------
    92
(1 row)

-- simple subqueries in WHERE with unions and ctes
SELECT 
	count(*)
FROM
	users_table
WHERE
	value_2 IN
	(
		WITH 
		cte_1 AS (SELECT user_id FROM users_table),
		cte_2 AS (SELECT user_id FROM events_table)
		(SELECT * FROM cte_1) UNION (SELECT * FROM cte_2)
)
ORDER BY 1 DESC;
DEBUG:  generating subplan 55_1 for CTE cte_1: SELECT user_id FROM public.users_table
DEBUG:  generating subplan 55_2 for CTE cte_2: SELECT user_id FROM public.events_table
DEBUG:  generating subplan 55_3 for subquery SELECT cte_1.user_id FROM (SELECT intermediate_result.user_id FROM read_intermediate_result('55_1'::text, 'binary'::citus_copy_format) intermediate_result(user_id integer)) cte_1 UNION SELECT cte_2.user_id FROM (SELECT intermediate_result.user_id FROM read_intermediate_result('55_2'::text, 'binary'::citus_copy_format) intermediate_result(user_id integer)) cte_2
DEBUG:  Plan 55 query after replacing subqueries and CTEs: SELECT count(*) AS count FROM public.users_table WHERE (value_2 OPERATOR(pg_catalog.=) ANY (SELECT intermediate_result.user_id FROM read_intermediate_result('55_3'::text, 'binary'::citus_copy_format) intermediate_result(user_id integer))) ORDER BY (count(*)) DESC
 count 
-------
    92
(1 row)

-- unions and ctes inside subqueries in where clause with a pushdownable correlated subquery
SELECT 
	DISTINCT user_id 
FROM 
	events_table 
WHERE 
	event_type IN 
(
	SELECT
		users_table.user_id
	FROM
		(
			(WITH cte_1 AS (SELECT user_id FROM users_table) SELECT * FROM cte_1) UNION 
			(WITH cte_1 AS (SELECT user_id FROM users_table) SELECT * FROM cte_1)
		) as foo,
		users_table
		WHERE users_table.value_2 = foo.user_id  AND events_table.user_id = users_table.user_id
)
ORDER BY 1 DESC;
DEBUG:  generating subplan 59_1 for CTE cte_1: SELECT user_id FROM public.users_table
DEBUG:  generating subplan 59_2 for CTE cte_1: SELECT user_id FROM public.users_table
DEBUG:  generating subplan 59_3 for subquery SELECT cte_1.user_id FROM (SELECT intermediate_result.user_id FROM read_intermediate_result('59_1'::text, 'binary'::citus_copy_format) intermediate_result(user_id integer)) cte_1 UNION SELECT cte_1.user_id FROM (SELECT intermediate_result.user_id FROM read_intermediate_result('59_2'::text, 'binary'::citus_copy_format) intermediate_result(user_id integer)) cte_1
DEBUG:  Plan 59 query after replacing subqueries and CTEs: SELECT DISTINCT user_id FROM public.events_table WHERE (event_type OPERATOR(pg_catalog.=) ANY (SELECT users_table.user_id FROM (SELECT intermediate_result.user_id FROM read_intermediate_result('59_3'::text, 'binary'::citus_copy_format) intermediate_result(user_id integer)) foo, public.users_table WHERE ((users_table.value_2 OPERATOR(pg_catalog.=) foo.user_id) AND (events_table.user_id OPERATOR(pg_catalog.=) users_table.user_id)))) ORDER BY user_id DESC
 user_id 
---------
       5
       4
       3
       2
       1
(5 rows)

-- unions and ctes inside subqueries in where clause with a not pushdownable correlated subquery
-- should error out
SELECT 
	DISTINCT user_id 
FROM 
	events_table 
WHERE 
	event_type IN 
(
	SELECT
		users_table.user_id
	FROM
		(
			(WITH cte_1 AS (SELECT user_id FROM users_table) SELECT * FROM cte_1) UNION 
			(WITH cte_1 AS (SELECT user_id FROM users_table) SELECT * FROM cte_1)
		) as foo,
		users_table
		WHERE users_table.value_2 = foo.user_id  AND events_table.user_id = users_table.user_id
		LIMIT 5
)
ORDER BY 1 DESC;
DEBUG:  generating subplan 63_1 for CTE cte_1: SELECT user_id FROM public.users_table
DEBUG:  generating subplan 63_2 for CTE cte_1: SELECT user_id FROM public.users_table
DEBUG:  generating subplan 63_3 for subquery SELECT cte_1.user_id FROM (SELECT intermediate_result.user_id FROM read_intermediate_result('63_1'::text, 'binary'::citus_copy_format) intermediate_result(user_id integer)) cte_1 UNION SELECT cte_1.user_id FROM (SELECT intermediate_result.user_id FROM read_intermediate_result('63_2'::text, 'binary'::citus_copy_format) intermediate_result(user_id integer)) cte_1
DEBUG:  Plan 63 query after replacing subqueries and CTEs: SELECT DISTINCT user_id FROM public.events_table WHERE (event_type OPERATOR(pg_catalog.=) ANY (SELECT users_table.user_id FROM (SELECT intermediate_result.user_id FROM read_intermediate_result('63_3'::text, 'binary'::citus_copy_format) intermediate_result(user_id integer)) foo, public.users_table WHERE ((users_table.value_2 OPERATOR(pg_catalog.=) foo.user_id) AND (events_table.user_id OPERATOR(pg_catalog.=) users_table.user_id)) LIMIT 5)) ORDER BY user_id DESC
ERROR:  cannot push down this subquery
DETAIL:  Limit in subquery is currently unsupported when a subquery references a column from another query
SET client_min_messages TO DEFAULT;
SET search_path TO public;
